

================================================================
== Vitis HLS Report for 'window_avg'
================================================================
* Date:           Thu Jun  6 00:39:32 2024

* Version:        2021.2 (Build 3367213 on Tue Oct 19 02:48:09 MDT 2021)
* Project:        m42
* Solution:       solution1 (Vitis Kernel Flow Target)
* Product family: virtexuplus
* Target device:  xcvu11p-flga2577-1-e


================================================================
== Performance Estimates
================================================================
+ Timing: 
    * Summary: 
    +--------+----------+----------+------------+
    |  Clock |  Target  | Estimated| Uncertainty|
    +--------+----------+----------+------------+
    |ap_clk  |  10.00 ns|  7.300 ns|     2.70 ns|
    +--------+----------+----------+------------+

+ Latency: 
    * Summary: 
    +---------+---------+----------+----------+--------+--------+---------+
    |  Latency (cycles) |  Latency (absolute) |     Interval    | Pipeline|
    |   min   |   max   |    min   |    max   |   min  |   max  |   Type  |
    +---------+---------+----------+----------+--------+--------+---------+
    |   410384|   410384|  4.104 ms|  4.104 ms|  410385|  410385|       no|
    +---------+---------+----------+----------+--------+--------+---------+

    + Detail: 
        * Instance: 
        +-----------------+-------+---------+---------+-----------+-----------+-----+-----+---------+
        |                 |       |  Latency (cycles) |   Latency (absolute)  |  Interval | Pipeline|
        |     Instance    | Module|   min   |   max   |    min    |    max    | min | max |   Type  |
        +-----------------+-------+---------+---------+-----------+-----------+-----+-----+---------+
        |grp_buff_fu_188  |buff   |        2|        2|  20.000 ns|  20.000 ns|    1|    1|      yes|
        +-----------------+-------+---------+---------+-----------+-----------+-----+-----+---------+

        * Loop: 
        +-----------+---------+---------+----------+-----------+-----------+--------+----------+
        |           |  Latency (cycles) | Iteration|  Initiation Interval  |  Trip  |          |
        | Loop Name |   min   |   max   |  Latency |  achieved |   target  |  Count | Pipelined|
        +-----------+---------+---------+----------+-----------+-----------+--------+----------+
        |- ROW_COL  |   410382|   410382|       144|          1|          1|  410240|       yes|
        +-----------+---------+---------+----------+-----------+-----------+--------+----------+



================================================================
== Utilization Estimates
================================================================
* Summary: 
+---------------------+---------+------+---------+---------+-----+
|         Name        | BRAM_18K|  DSP |    FF   |   LUT   | URAM|
+---------------------+---------+------+---------+---------+-----+
|DSP                  |        -|     -|        -|        -|    -|
|Expression           |        -|     -|        0|      503|    -|
|FIFO                 |        -|     -|        -|        -|    -|
|Instance             |        4|     -|      854|     1403|    0|
|Memory               |        -|     -|        -|        -|    -|
|Multiplexer          |        -|     -|        -|      117|    -|
|Register             |        -|     -|      807|      160|    -|
+---------------------+---------+------+---------+---------+-----+
|Total                |        4|     0|     1661|     2183|    0|
+---------------------+---------+------+---------+---------+-----+
|Available SLR        |     1344|  3072|   864000|   432000|  320|
+---------------------+---------+------+---------+---------+-----+
|Utilization SLR (%)  |       ~0|     0|       ~0|       ~0|    0|
+---------------------+---------+------+---------+---------+-----+
|Available            |     4032|  9216|  2592000|  1296000|  960|
+---------------------+---------+------+---------+---------+-----+
|Utilization (%)      |       ~0|     0|       ~0|       ~0|    0|
+---------------------+---------+------+---------+---------+-----+

+ Detail: 
    * Instance: 
    +-----------------+---------------+---------+----+-----+-----+-----+
    |     Instance    |     Module    | BRAM_18K| DSP|  FF | LUT | URAM|
    +-----------------+---------------+---------+----+-----+-----+-----+
    |grp_buff_fu_188  |buff           |        2|   0|  123|  405|    0|
    |control_s_axi_U  |control_s_axi  |        0|   0|  183|  298|    0|
    |gmem_m_axi_U     |gmem_m_axi     |        2|   0|  548|  700|    0|
    +-----------------+---------------+---------+----+-----+-----+-----+
    |Total            |               |        4|   0|  854| 1403|    0|
    +-----------------+---------------+---------+----+-----+-----+-----+

    * DSP: 
    N/A

    * Memory: 
    N/A

    * FIFO: 
    N/A

    * Expression: 
    +--------------------------------------+----------+----+---+----+------------+------------+
    |             Variable Name            | Operation| DSP| FF| LUT| Bitwidth P0| Bitwidth P1|
    +--------------------------------------+----------+----+---+----+------------+------------+
    |add_ln59_1_fu_388_p2                  |         +|   0|  0|  71|          64|          64|
    |add_ln59_2_fu_308_p2                  |         +|   0|  0|  17|          10|           1|
    |add_ln59_fu_285_p2                    |         +|   0|  0|  26|          19|           1|
    |add_ln61_fu_450_p2                    |         +|   0|  0|  17|          10|           1|
    |add_ln64_1_fu_416_p2                  |         +|   0|  0|  18|          64|          64|
    |add_ln64_fu_410_p2                    |         +|   0|  0|  18|          64|          64|
    |add_ln69_1_fu_370_p2                  |         +|   0|  0|  26|          19|          19|
    |add_ln69_2_fu_438_p2                  |         +|   0|  0|  71|          64|          64|
    |add_ln69_3_fu_428_p2                  |         +|   0|  0|  18|          11|          11|
    |add_ln69_fu_273_p2                    |         +|   0|  0|  26|          19|          19|
    |ret_V_1_fu_532_p2                     |         +|   0|  0|  18|          10|          10|
    |ret_V_fu_522_p2                       |         +|   0|  0|  18|          10|          10|
    |ap_block_state144_pp0_stage0_iter143  |       and|   0|  0|   2|           1|           1|
    |ap_block_state2_io                    |       and|   0|  0|   2|           1|           1|
    |ap_block_state72_pp0_stage0_iter71    |       and|   0|  0|   2|           1|           1|
    |ap_block_state75_io                   |       and|   0|  0|   2|           1|           1|
    |ap_block_state76_io                   |       and|   0|  0|   2|           1|           1|
    |ap_condition_1923                     |       and|   0|  0|   2|           1|           1|
    |cmp18_fu_241_p2                       |      icmp|   0|  0|  11|          10|           1|
    |cmp18_mid1_fu_328_p2                  |      icmp|   0|  0|  11|          10|           1|
    |cmp3_fu_235_p2                        |      icmp|   0|  0|  11|          10|          10|
    |cmp3_i_fu_247_p2                      |      icmp|   0|  0|  11|          10|           1|
    |cmp3_mid1_fu_314_p2                   |      icmp|   0|  0|  11|          10|          10|
    |icmp_ln59_fu_279_p2                   |      icmp|   0|  0|  14|          19|          18|
    |icmp_ln61_fu_294_p2                   |      icmp|   0|  0|  11|          10|          10|
    |ap_block_pp0_stage0_01001             |        or|   0|  0|   2|           1|           1|
    |ap_block_pp0_stage0_11001             |        or|   0|  0|   2|           1|           1|
    |select_ln59_1_fu_320_p3               |    select|   0|  0|   2|           1|           1|
    |select_ln59_2_fu_334_p3               |    select|   0|  0|   2|           1|           1|
    |select_ln59_3_fu_342_p3               |    select|   0|  0|   2|           1|           1|
    |select_ln59_4_fu_376_p3               |    select|   0|  0|  19|           1|          19|
    |select_ln59_5_fu_394_p3               |    select|   0|  0|  10|           1|          10|
    |select_ln59_fu_300_p3                 |    select|   0|  0|  10|           1|           1|
    |w_V_0_1_fu_492_p3                     |    select|   0|  0|   8|           1|           8|
    |w_V_2_1_fu_499_p3                     |    select|   0|  0|   8|           1|           8|
    |ap_enable_pp0                         |       xor|   0|  0|   2|           1|           2|
    +--------------------------------------+----------+----+---+----+------------+------------+
    |Total                                 |          |   0|  0| 503|         460|         438|
    +--------------------------------------+----------+----+---+----+------------+------------+

    * Multiplexer: 
    +--------------------------------------+----+-----------+-----+-----------+
    |                 Name                 | LUT| Input Size| Bits| Total Bits|
    +--------------------------------------+----+-----------+-----+-----------+
    |ap_done_int                           |   9|          2|    1|          2|
    |ap_enable_reg_pp0_iter1               |   9|          2|    1|          2|
    |ap_sig_allocacmp_c_load               |   9|          2|   10|         20|
    |ap_sig_allocacmp_indvar_flatten_load  |   9|          2|   19|         38|
    |ap_sig_allocacmp_r_1                  |   9|          2|   10|         20|
    |c_fu_132                              |   9|          2|   10|         20|
    |gmem_blk_n_AR                         |   9|          2|    1|          2|
    |gmem_blk_n_AW                         |   9|          2|    1|          2|
    |gmem_blk_n_B                          |   9|          2|    1|          2|
    |gmem_blk_n_R                          |   9|          2|    1|          2|
    |gmem_blk_n_W                          |   9|          2|    1|          2|
    |indvar_flatten_fu_140                 |   9|          2|   19|         38|
    |r_fu_136                              |   9|          2|   10|         20|
    +--------------------------------------+----+-----------+-----+-----------+
    |Total                                 | 117|         26|   85|        170|
    +--------------------------------------+----+-----------+-----+-----------+

    * Register: 
    +------------------------------------+----+----+-----+-----------+
    |                Name                | FF | LUT| Bits| Const Bits|
    +------------------------------------+----+----+-----+-----------+
    |ap_CS_fsm                           |   1|   0|    1|          0|
    |ap_done_reg                         |   1|   0|    1|          0|
    |ap_enable_reg_pp0_iter1             |   1|   0|    1|          0|
    |ap_enable_reg_pp0_iter10            |   1|   0|    1|          0|
    |ap_enable_reg_pp0_iter100           |   1|   0|    1|          0|
    |ap_enable_reg_pp0_iter101           |   1|   0|    1|          0|
    |ap_enable_reg_pp0_iter102           |   1|   0|    1|          0|
    |ap_enable_reg_pp0_iter103           |   1|   0|    1|          0|
    |ap_enable_reg_pp0_iter104           |   1|   0|    1|          0|
    |ap_enable_reg_pp0_iter105           |   1|   0|    1|          0|
    |ap_enable_reg_pp0_iter106           |   1|   0|    1|          0|
    |ap_enable_reg_pp0_iter107           |   1|   0|    1|          0|
    |ap_enable_reg_pp0_iter108           |   1|   0|    1|          0|
    |ap_enable_reg_pp0_iter109           |   1|   0|    1|          0|
    |ap_enable_reg_pp0_iter11            |   1|   0|    1|          0|
    |ap_enable_reg_pp0_iter110           |   1|   0|    1|          0|
    |ap_enable_reg_pp0_iter111           |   1|   0|    1|          0|
    |ap_enable_reg_pp0_iter112           |   1|   0|    1|          0|
    |ap_enable_reg_pp0_iter113           |   1|   0|    1|          0|
    |ap_enable_reg_pp0_iter114           |   1|   0|    1|          0|
    |ap_enable_reg_pp0_iter115           |   1|   0|    1|          0|
    |ap_enable_reg_pp0_iter116           |   1|   0|    1|          0|
    |ap_enable_reg_pp0_iter117           |   1|   0|    1|          0|
    |ap_enable_reg_pp0_iter118           |   1|   0|    1|          0|
    |ap_enable_reg_pp0_iter119           |   1|   0|    1|          0|
    |ap_enable_reg_pp0_iter12            |   1|   0|    1|          0|
    |ap_enable_reg_pp0_iter120           |   1|   0|    1|          0|
    |ap_enable_reg_pp0_iter121           |   1|   0|    1|          0|
    |ap_enable_reg_pp0_iter122           |   1|   0|    1|          0|
    |ap_enable_reg_pp0_iter123           |   1|   0|    1|          0|
    |ap_enable_reg_pp0_iter124           |   1|   0|    1|          0|
    |ap_enable_reg_pp0_iter125           |   1|   0|    1|          0|
    |ap_enable_reg_pp0_iter126           |   1|   0|    1|          0|
    |ap_enable_reg_pp0_iter127           |   1|   0|    1|          0|
    |ap_enable_reg_pp0_iter128           |   1|   0|    1|          0|
    |ap_enable_reg_pp0_iter129           |   1|   0|    1|          0|
    |ap_enable_reg_pp0_iter13            |   1|   0|    1|          0|
    |ap_enable_reg_pp0_iter130           |   1|   0|    1|          0|
    |ap_enable_reg_pp0_iter131           |   1|   0|    1|          0|
    |ap_enable_reg_pp0_iter132           |   1|   0|    1|          0|
    |ap_enable_reg_pp0_iter133           |   1|   0|    1|          0|
    |ap_enable_reg_pp0_iter134           |   1|   0|    1|          0|
    |ap_enable_reg_pp0_iter135           |   1|   0|    1|          0|
    |ap_enable_reg_pp0_iter136           |   1|   0|    1|          0|
    |ap_enable_reg_pp0_iter137           |   1|   0|    1|          0|
    |ap_enable_reg_pp0_iter138           |   1|   0|    1|          0|
    |ap_enable_reg_pp0_iter139           |   1|   0|    1|          0|
    |ap_enable_reg_pp0_iter14            |   1|   0|    1|          0|
    |ap_enable_reg_pp0_iter140           |   1|   0|    1|          0|
    |ap_enable_reg_pp0_iter141           |   1|   0|    1|          0|
    |ap_enable_reg_pp0_iter142           |   1|   0|    1|          0|
    |ap_enable_reg_pp0_iter143           |   1|   0|    1|          0|
    |ap_enable_reg_pp0_iter15            |   1|   0|    1|          0|
    |ap_enable_reg_pp0_iter16            |   1|   0|    1|          0|
    |ap_enable_reg_pp0_iter17            |   1|   0|    1|          0|
    |ap_enable_reg_pp0_iter18            |   1|   0|    1|          0|
    |ap_enable_reg_pp0_iter19            |   1|   0|    1|          0|
    |ap_enable_reg_pp0_iter2             |   1|   0|    1|          0|
    |ap_enable_reg_pp0_iter20            |   1|   0|    1|          0|
    |ap_enable_reg_pp0_iter21            |   1|   0|    1|          0|
    |ap_enable_reg_pp0_iter22            |   1|   0|    1|          0|
    |ap_enable_reg_pp0_iter23            |   1|   0|    1|          0|
    |ap_enable_reg_pp0_iter24            |   1|   0|    1|          0|
    |ap_enable_reg_pp0_iter25            |   1|   0|    1|          0|
    |ap_enable_reg_pp0_iter26            |   1|   0|    1|          0|
    |ap_enable_reg_pp0_iter27            |   1|   0|    1|          0|
    |ap_enable_reg_pp0_iter28            |   1|   0|    1|          0|
    |ap_enable_reg_pp0_iter29            |   1|   0|    1|          0|
    |ap_enable_reg_pp0_iter3             |   1|   0|    1|          0|
    |ap_enable_reg_pp0_iter30            |   1|   0|    1|          0|
    |ap_enable_reg_pp0_iter31            |   1|   0|    1|          0|
    |ap_enable_reg_pp0_iter32            |   1|   0|    1|          0|
    |ap_enable_reg_pp0_iter33            |   1|   0|    1|          0|
    |ap_enable_reg_pp0_iter34            |   1|   0|    1|          0|
    |ap_enable_reg_pp0_iter35            |   1|   0|    1|          0|
    |ap_enable_reg_pp0_iter36            |   1|   0|    1|          0|
    |ap_enable_reg_pp0_iter37            |   1|   0|    1|          0|
    |ap_enable_reg_pp0_iter38            |   1|   0|    1|          0|
    |ap_enable_reg_pp0_iter39            |   1|   0|    1|          0|
    |ap_enable_reg_pp0_iter4             |   1|   0|    1|          0|
    |ap_enable_reg_pp0_iter40            |   1|   0|    1|          0|
    |ap_enable_reg_pp0_iter41            |   1|   0|    1|          0|
    |ap_enable_reg_pp0_iter42            |   1|   0|    1|          0|
    |ap_enable_reg_pp0_iter43            |   1|   0|    1|          0|
    |ap_enable_reg_pp0_iter44            |   1|   0|    1|          0|
    |ap_enable_reg_pp0_iter45            |   1|   0|    1|          0|
    |ap_enable_reg_pp0_iter46            |   1|   0|    1|          0|
    |ap_enable_reg_pp0_iter47            |   1|   0|    1|          0|
    |ap_enable_reg_pp0_iter48            |   1|   0|    1|          0|
    |ap_enable_reg_pp0_iter49            |   1|   0|    1|          0|
    |ap_enable_reg_pp0_iter5             |   1|   0|    1|          0|
    |ap_enable_reg_pp0_iter50            |   1|   0|    1|          0|
    |ap_enable_reg_pp0_iter51            |   1|   0|    1|          0|
    |ap_enable_reg_pp0_iter52            |   1|   0|    1|          0|
    |ap_enable_reg_pp0_iter53            |   1|   0|    1|          0|
    |ap_enable_reg_pp0_iter54            |   1|   0|    1|          0|
    |ap_enable_reg_pp0_iter55            |   1|   0|    1|          0|
    |ap_enable_reg_pp0_iter56            |   1|   0|    1|          0|
    |ap_enable_reg_pp0_iter57            |   1|   0|    1|          0|
    |ap_enable_reg_pp0_iter58            |   1|   0|    1|          0|
    |ap_enable_reg_pp0_iter59            |   1|   0|    1|          0|
    |ap_enable_reg_pp0_iter6             |   1|   0|    1|          0|
    |ap_enable_reg_pp0_iter60            |   1|   0|    1|          0|
    |ap_enable_reg_pp0_iter61            |   1|   0|    1|          0|
    |ap_enable_reg_pp0_iter62            |   1|   0|    1|          0|
    |ap_enable_reg_pp0_iter63            |   1|   0|    1|          0|
    |ap_enable_reg_pp0_iter64            |   1|   0|    1|          0|
    |ap_enable_reg_pp0_iter65            |   1|   0|    1|          0|
    |ap_enable_reg_pp0_iter66            |   1|   0|    1|          0|
    |ap_enable_reg_pp0_iter67            |   1|   0|    1|          0|
    |ap_enable_reg_pp0_iter68            |   1|   0|    1|          0|
    |ap_enable_reg_pp0_iter69            |   1|   0|    1|          0|
    |ap_enable_reg_pp0_iter7             |   1|   0|    1|          0|
    |ap_enable_reg_pp0_iter70            |   1|   0|    1|          0|
    |ap_enable_reg_pp0_iter71            |   1|   0|    1|          0|
    |ap_enable_reg_pp0_iter72            |   1|   0|    1|          0|
    |ap_enable_reg_pp0_iter73            |   1|   0|    1|          0|
    |ap_enable_reg_pp0_iter74            |   1|   0|    1|          0|
    |ap_enable_reg_pp0_iter75            |   1|   0|    1|          0|
    |ap_enable_reg_pp0_iter76            |   1|   0|    1|          0|
    |ap_enable_reg_pp0_iter77            |   1|   0|    1|          0|
    |ap_enable_reg_pp0_iter78            |   1|   0|    1|          0|
    |ap_enable_reg_pp0_iter79            |   1|   0|    1|          0|
    |ap_enable_reg_pp0_iter8             |   1|   0|    1|          0|
    |ap_enable_reg_pp0_iter80            |   1|   0|    1|          0|
    |ap_enable_reg_pp0_iter81            |   1|   0|    1|          0|
    |ap_enable_reg_pp0_iter82            |   1|   0|    1|          0|
    |ap_enable_reg_pp0_iter83            |   1|   0|    1|          0|
    |ap_enable_reg_pp0_iter84            |   1|   0|    1|          0|
    |ap_enable_reg_pp0_iter85            |   1|   0|    1|          0|
    |ap_enable_reg_pp0_iter86            |   1|   0|    1|          0|
    |ap_enable_reg_pp0_iter87            |   1|   0|    1|          0|
    |ap_enable_reg_pp0_iter88            |   1|   0|    1|          0|
    |ap_enable_reg_pp0_iter89            |   1|   0|    1|          0|
    |ap_enable_reg_pp0_iter9             |   1|   0|    1|          0|
    |ap_enable_reg_pp0_iter90            |   1|   0|    1|          0|
    |ap_enable_reg_pp0_iter91            |   1|   0|    1|          0|
    |ap_enable_reg_pp0_iter92            |   1|   0|    1|          0|
    |ap_enable_reg_pp0_iter93            |   1|   0|    1|          0|
    |ap_enable_reg_pp0_iter94            |   1|   0|    1|          0|
    |ap_enable_reg_pp0_iter95            |   1|   0|    1|          0|
    |ap_enable_reg_pp0_iter96            |   1|   0|    1|          0|
    |ap_enable_reg_pp0_iter97            |   1|   0|    1|          0|
    |ap_enable_reg_pp0_iter98            |   1|   0|    1|          0|
    |ap_enable_reg_pp0_iter99            |   1|   0|    1|          0|
    |ap_loop_exit_ready_pp0_iter100_reg  |   1|   0|    1|          0|
    |ap_loop_exit_ready_pp0_iter101_reg  |   1|   0|    1|          0|
    |ap_loop_exit_ready_pp0_iter102_reg  |   1|   0|    1|          0|
    |ap_loop_exit_ready_pp0_iter103_reg  |   1|   0|    1|          0|
    |ap_loop_exit_ready_pp0_iter104_reg  |   1|   0|    1|          0|
    |ap_loop_exit_ready_pp0_iter105_reg  |   1|   0|    1|          0|
    |ap_loop_exit_ready_pp0_iter106_reg  |   1|   0|    1|          0|
    |ap_loop_exit_ready_pp0_iter107_reg  |   1|   0|    1|          0|
    |ap_loop_exit_ready_pp0_iter108_reg  |   1|   0|    1|          0|
    |ap_loop_exit_ready_pp0_iter109_reg  |   1|   0|    1|          0|
    |ap_loop_exit_ready_pp0_iter10_reg   |   1|   0|    1|          0|
    |ap_loop_exit_ready_pp0_iter110_reg  |   1|   0|    1|          0|
    |ap_loop_exit_ready_pp0_iter111_reg  |   1|   0|    1|          0|
    |ap_loop_exit_ready_pp0_iter112_reg  |   1|   0|    1|          0|
    |ap_loop_exit_ready_pp0_iter113_reg  |   1|   0|    1|          0|
    |ap_loop_exit_ready_pp0_iter114_reg  |   1|   0|    1|          0|
    |ap_loop_exit_ready_pp0_iter115_reg  |   1|   0|    1|          0|
    |ap_loop_exit_ready_pp0_iter116_reg  |   1|   0|    1|          0|
    |ap_loop_exit_ready_pp0_iter117_reg  |   1|   0|    1|          0|
    |ap_loop_exit_ready_pp0_iter118_reg  |   1|   0|    1|          0|
    |ap_loop_exit_ready_pp0_iter119_reg  |   1|   0|    1|          0|
    |ap_loop_exit_ready_pp0_iter11_reg   |   1|   0|    1|          0|
    |ap_loop_exit_ready_pp0_iter120_reg  |   1|   0|    1|          0|
    |ap_loop_exit_ready_pp0_iter121_reg  |   1|   0|    1|          0|
    |ap_loop_exit_ready_pp0_iter122_reg  |   1|   0|    1|          0|
    |ap_loop_exit_ready_pp0_iter123_reg  |   1|   0|    1|          0|
    |ap_loop_exit_ready_pp0_iter124_reg  |   1|   0|    1|          0|
    |ap_loop_exit_ready_pp0_iter125_reg  |   1|   0|    1|          0|
    |ap_loop_exit_ready_pp0_iter126_reg  |   1|   0|    1|          0|
    |ap_loop_exit_ready_pp0_iter127_reg  |   1|   0|    1|          0|
    |ap_loop_exit_ready_pp0_iter128_reg  |   1|   0|    1|          0|
    |ap_loop_exit_ready_pp0_iter129_reg  |   1|   0|    1|          0|
    |ap_loop_exit_ready_pp0_iter12_reg   |   1|   0|    1|          0|
    |ap_loop_exit_ready_pp0_iter130_reg  |   1|   0|    1|          0|
    |ap_loop_exit_ready_pp0_iter131_reg  |   1|   0|    1|          0|
    |ap_loop_exit_ready_pp0_iter132_reg  |   1|   0|    1|          0|
    |ap_loop_exit_ready_pp0_iter133_reg  |   1|   0|    1|          0|
    |ap_loop_exit_ready_pp0_iter134_reg  |   1|   0|    1|          0|
    |ap_loop_exit_ready_pp0_iter135_reg  |   1|   0|    1|          0|
    |ap_loop_exit_ready_pp0_iter136_reg  |   1|   0|    1|          0|
    |ap_loop_exit_ready_pp0_iter137_reg  |   1|   0|    1|          0|
    |ap_loop_exit_ready_pp0_iter138_reg  |   1|   0|    1|          0|
    |ap_loop_exit_ready_pp0_iter139_reg  |   1|   0|    1|          0|
    |ap_loop_exit_ready_pp0_iter13_reg   |   1|   0|    1|          0|
    |ap_loop_exit_ready_pp0_iter140_reg  |   1|   0|    1|          0|
    |ap_loop_exit_ready_pp0_iter141_reg  |   1|   0|    1|          0|
    |ap_loop_exit_ready_pp0_iter142_reg  |   1|   0|    1|          0|
    |ap_loop_exit_ready_pp0_iter14_reg   |   1|   0|    1|          0|
    |ap_loop_exit_ready_pp0_iter15_reg   |   1|   0|    1|          0|
    |ap_loop_exit_ready_pp0_iter16_reg   |   1|   0|    1|          0|
    |ap_loop_exit_ready_pp0_iter17_reg   |   1|   0|    1|          0|
    |ap_loop_exit_ready_pp0_iter18_reg   |   1|   0|    1|          0|
    |ap_loop_exit_ready_pp0_iter19_reg   |   1|   0|    1|          0|
    |ap_loop_exit_ready_pp0_iter1_reg    |   1|   0|    1|          0|
    |ap_loop_exit_ready_pp0_iter20_reg   |   1|   0|    1|          0|
    |ap_loop_exit_ready_pp0_iter21_reg   |   1|   0|    1|          0|
    |ap_loop_exit_ready_pp0_iter22_reg   |   1|   0|    1|          0|
    |ap_loop_exit_ready_pp0_iter23_reg   |   1|   0|    1|          0|
    |ap_loop_exit_ready_pp0_iter24_reg   |   1|   0|    1|          0|
    |ap_loop_exit_ready_pp0_iter25_reg   |   1|   0|    1|          0|
    |ap_loop_exit_ready_pp0_iter26_reg   |   1|   0|    1|          0|
    |ap_loop_exit_ready_pp0_iter27_reg   |   1|   0|    1|          0|
    |ap_loop_exit_ready_pp0_iter28_reg   |   1|   0|    1|          0|
    |ap_loop_exit_ready_pp0_iter29_reg   |   1|   0|    1|          0|
    |ap_loop_exit_ready_pp0_iter2_reg    |   1|   0|    1|          0|
    |ap_loop_exit_ready_pp0_iter30_reg   |   1|   0|    1|          0|
    |ap_loop_exit_ready_pp0_iter31_reg   |   1|   0|    1|          0|
    |ap_loop_exit_ready_pp0_iter32_reg   |   1|   0|    1|          0|
    |ap_loop_exit_ready_pp0_iter33_reg   |   1|   0|    1|          0|
    |ap_loop_exit_ready_pp0_iter34_reg   |   1|   0|    1|          0|
    |ap_loop_exit_ready_pp0_iter35_reg   |   1|   0|    1|          0|
    |ap_loop_exit_ready_pp0_iter36_reg   |   1|   0|    1|          0|
    |ap_loop_exit_ready_pp0_iter37_reg   |   1|   0|    1|          0|
    |ap_loop_exit_ready_pp0_iter38_reg   |   1|   0|    1|          0|
    |ap_loop_exit_ready_pp0_iter39_reg   |   1|   0|    1|          0|
    |ap_loop_exit_ready_pp0_iter3_reg    |   1|   0|    1|          0|
    |ap_loop_exit_ready_pp0_iter40_reg   |   1|   0|    1|          0|
    |ap_loop_exit_ready_pp0_iter41_reg   |   1|   0|    1|          0|
    |ap_loop_exit_ready_pp0_iter42_reg   |   1|   0|    1|          0|
    |ap_loop_exit_ready_pp0_iter43_reg   |   1|   0|    1|          0|
    |ap_loop_exit_ready_pp0_iter44_reg   |   1|   0|    1|          0|
    |ap_loop_exit_ready_pp0_iter45_reg   |   1|   0|    1|          0|
    |ap_loop_exit_ready_pp0_iter46_reg   |   1|   0|    1|          0|
    |ap_loop_exit_ready_pp0_iter47_reg   |   1|   0|    1|          0|
    |ap_loop_exit_ready_pp0_iter48_reg   |   1|   0|    1|          0|
    |ap_loop_exit_ready_pp0_iter49_reg   |   1|   0|    1|          0|
    |ap_loop_exit_ready_pp0_iter4_reg    |   1|   0|    1|          0|
    |ap_loop_exit_ready_pp0_iter50_reg   |   1|   0|    1|          0|
    |ap_loop_exit_ready_pp0_iter51_reg   |   1|   0|    1|          0|
    |ap_loop_exit_ready_pp0_iter52_reg   |   1|   0|    1|          0|
    |ap_loop_exit_ready_pp0_iter53_reg   |   1|   0|    1|          0|
    |ap_loop_exit_ready_pp0_iter54_reg   |   1|   0|    1|          0|
    |ap_loop_exit_ready_pp0_iter55_reg   |   1|   0|    1|          0|
    |ap_loop_exit_ready_pp0_iter56_reg   |   1|   0|    1|          0|
    |ap_loop_exit_ready_pp0_iter57_reg   |   1|   0|    1|          0|
    |ap_loop_exit_ready_pp0_iter58_reg   |   1|   0|    1|          0|
    |ap_loop_exit_ready_pp0_iter59_reg   |   1|   0|    1|          0|
    |ap_loop_exit_ready_pp0_iter5_reg    |   1|   0|    1|          0|
    |ap_loop_exit_ready_pp0_iter60_reg   |   1|   0|    1|          0|
    |ap_loop_exit_ready_pp0_iter61_reg   |   1|   0|    1|          0|
    |ap_loop_exit_ready_pp0_iter62_reg   |   1|   0|    1|          0|
    |ap_loop_exit_ready_pp0_iter63_reg   |   1|   0|    1|          0|
    |ap_loop_exit_ready_pp0_iter64_reg   |   1|   0|    1|          0|
    |ap_loop_exit_ready_pp0_iter65_reg   |   1|   0|    1|          0|
    |ap_loop_exit_ready_pp0_iter66_reg   |   1|   0|    1|          0|
    |ap_loop_exit_ready_pp0_iter67_reg   |   1|   0|    1|          0|
    |ap_loop_exit_ready_pp0_iter68_reg   |   1|   0|    1|          0|
    |ap_loop_exit_ready_pp0_iter69_reg   |   1|   0|    1|          0|
    |ap_loop_exit_ready_pp0_iter6_reg    |   1|   0|    1|          0|
    |ap_loop_exit_ready_pp0_iter70_reg   |   1|   0|    1|          0|
    |ap_loop_exit_ready_pp0_iter71_reg   |   1|   0|    1|          0|
    |ap_loop_exit_ready_pp0_iter72_reg   |   1|   0|    1|          0|
    |ap_loop_exit_ready_pp0_iter73_reg   |   1|   0|    1|          0|
    |ap_loop_exit_ready_pp0_iter74_reg   |   1|   0|    1|          0|
    |ap_loop_exit_ready_pp0_iter75_reg   |   1|   0|    1|          0|
    |ap_loop_exit_ready_pp0_iter76_reg   |   1|   0|    1|          0|
    |ap_loop_exit_ready_pp0_iter77_reg   |   1|   0|    1|          0|
    |ap_loop_exit_ready_pp0_iter78_reg   |   1|   0|    1|          0|
    |ap_loop_exit_ready_pp0_iter79_reg   |   1|   0|    1|          0|
    |ap_loop_exit_ready_pp0_iter7_reg    |   1|   0|    1|          0|
    |ap_loop_exit_ready_pp0_iter80_reg   |   1|   0|    1|          0|
    |ap_loop_exit_ready_pp0_iter81_reg   |   1|   0|    1|          0|
    |ap_loop_exit_ready_pp0_iter82_reg   |   1|   0|    1|          0|
    |ap_loop_exit_ready_pp0_iter83_reg   |   1|   0|    1|          0|
    |ap_loop_exit_ready_pp0_iter84_reg   |   1|   0|    1|          0|
    |ap_loop_exit_ready_pp0_iter85_reg   |   1|   0|    1|          0|
    |ap_loop_exit_ready_pp0_iter86_reg   |   1|   0|    1|          0|
    |ap_loop_exit_ready_pp0_iter87_reg   |   1|   0|    1|          0|
    |ap_loop_exit_ready_pp0_iter88_reg   |   1|   0|    1|          0|
    |ap_loop_exit_ready_pp0_iter89_reg   |   1|   0|    1|          0|
    |ap_loop_exit_ready_pp0_iter8_reg    |   1|   0|    1|          0|
    |ap_loop_exit_ready_pp0_iter90_reg   |   1|   0|    1|          0|
    |ap_loop_exit_ready_pp0_iter91_reg   |   1|   0|    1|          0|
    |ap_loop_exit_ready_pp0_iter92_reg   |   1|   0|    1|          0|
    |ap_loop_exit_ready_pp0_iter93_reg   |   1|   0|    1|          0|
    |ap_loop_exit_ready_pp0_iter94_reg   |   1|   0|    1|          0|
    |ap_loop_exit_ready_pp0_iter95_reg   |   1|   0|    1|          0|
    |ap_loop_exit_ready_pp0_iter96_reg   |   1|   0|    1|          0|
    |ap_loop_exit_ready_pp0_iter97_reg   |   1|   0|    1|          0|
    |ap_loop_exit_ready_pp0_iter98_reg   |   1|   0|    1|          0|
    |ap_loop_exit_ready_pp0_iter99_reg   |   1|   0|    1|          0|
    |ap_loop_exit_ready_pp0_iter9_reg    |   1|   0|    1|          0|
    |ap_rst_n_inv                        |   1|   0|    1|          0|
    |ap_rst_reg_1                        |   1|   0|    1|          0|
    |ap_rst_reg_2                        |   1|   0|    1|          0|
    |c_fu_132                            |  10|   0|   10|          0|
    |din_tmp_fu_144                      |   8|   0|    8|          0|
    |gmem_addr_1_reg_604                 |  64|   0|   64|          0|
    |gmem_addr_reg_598                   |  64|   0|   64|          0|
    |grp_buff_fu_188_ap_start_reg        |   1|   0|    1|          0|
    |indvar_flatten_fu_140               |  19|   0|   19|          0|
    |r_fu_136                            |  10|   0|   10|          0|
    |select_ln59_1_reg_584               |   1|   0|    1|          0|
    |select_ln59_2_reg_589               |   1|   0|    1|          0|
    |select_ln59_3_reg_593               |   1|   0|    1|          0|
    |select_ln59_reg_579                 |  10|   0|   10|          0|
    |trunc_ln_reg_610                    |   8|   0|    8|          0|
    |gmem_addr_1_reg_604                 |  64|  32|   64|          0|
    |select_ln59_1_reg_584               |  64|  32|    1|          0|
    |select_ln59_2_reg_589               |  64|  32|    1|          0|
    |select_ln59_3_reg_593               |  64|  32|    1|          0|
    |select_ln59_reg_579                 |  64|  32|   10|          0|
    +------------------------------------+----+----+-----+-----------+
    |Total                               | 807| 160|  564|          0|
    +------------------------------------+----+----+-----+-----------+



================================================================
== Interface
================================================================
* Summary: 
+-----------------------+-----+-----+---------------+--------------+--------------+
|       RTL Ports       | Dir | Bits|    Protocol   | Source Object|    C Type    |
+-----------------------+-----+-----+---------------+--------------+--------------+
|s_axi_control_AWVALID  |   in|    1|          s_axi|       control|        scalar|
|s_axi_control_AWREADY  |  out|    1|          s_axi|       control|        scalar|
|s_axi_control_AWADDR   |   in|    6|          s_axi|       control|        scalar|
|s_axi_control_WVALID   |   in|    1|          s_axi|       control|        scalar|
|s_axi_control_WREADY   |  out|    1|          s_axi|       control|        scalar|
|s_axi_control_WDATA    |   in|   32|          s_axi|       control|        scalar|
|s_axi_control_WSTRB    |   in|    4|          s_axi|       control|        scalar|
|s_axi_control_ARVALID  |   in|    1|          s_axi|       control|        scalar|
|s_axi_control_ARREADY  |  out|    1|          s_axi|       control|        scalar|
|s_axi_control_ARADDR   |   in|    6|          s_axi|       control|        scalar|
|s_axi_control_RVALID   |  out|    1|          s_axi|       control|        scalar|
|s_axi_control_RREADY   |   in|    1|          s_axi|       control|        scalar|
|s_axi_control_RDATA    |  out|   32|          s_axi|       control|        scalar|
|s_axi_control_RRESP    |  out|    2|          s_axi|       control|        scalar|
|s_axi_control_BVALID   |  out|    1|          s_axi|       control|        scalar|
|s_axi_control_BREADY   |   in|    1|          s_axi|       control|        scalar|
|s_axi_control_BRESP    |  out|    2|          s_axi|       control|        scalar|
|ap_local_block         |  out|    1|  ap_ctrl_chain|    window_avg|  return value|
|ap_clk                 |   in|    1|  ap_ctrl_chain|    window_avg|  return value|
|ap_rst_n               |   in|    1|  ap_ctrl_chain|    window_avg|  return value|
|interrupt              |  out|    1|  ap_ctrl_chain|    window_avg|  return value|
|m_axi_gmem_AWVALID     |  out|    1|          m_axi|          gmem|       pointer|
|m_axi_gmem_AWREADY     |   in|    1|          m_axi|          gmem|       pointer|
|m_axi_gmem_AWADDR      |  out|   64|          m_axi|          gmem|       pointer|
|m_axi_gmem_AWID        |  out|    1|          m_axi|          gmem|       pointer|
|m_axi_gmem_AWLEN       |  out|    8|          m_axi|          gmem|       pointer|
|m_axi_gmem_AWSIZE      |  out|    3|          m_axi|          gmem|       pointer|
|m_axi_gmem_AWBURST     |  out|    2|          m_axi|          gmem|       pointer|
|m_axi_gmem_AWLOCK      |  out|    2|          m_axi|          gmem|       pointer|
|m_axi_gmem_AWCACHE     |  out|    4|          m_axi|          gmem|       pointer|
|m_axi_gmem_AWPROT      |  out|    3|          m_axi|          gmem|       pointer|
|m_axi_gmem_AWQOS       |  out|    4|          m_axi|          gmem|       pointer|
|m_axi_gmem_AWREGION    |  out|    4|          m_axi|          gmem|       pointer|
|m_axi_gmem_AWUSER      |  out|    1|          m_axi|          gmem|       pointer|
|m_axi_gmem_WVALID      |  out|    1|          m_axi|          gmem|       pointer|
|m_axi_gmem_WREADY      |   in|    1|          m_axi|          gmem|       pointer|
|m_axi_gmem_WDATA       |  out|   32|          m_axi|          gmem|       pointer|
|m_axi_gmem_WSTRB       |  out|    4|          m_axi|          gmem|       pointer|
|m_axi_gmem_WLAST       |  out|    1|          m_axi|          gmem|       pointer|
|m_axi_gmem_WID         |  out|    1|          m_axi|          gmem|       pointer|
|m_axi_gmem_WUSER       |  out|    1|          m_axi|          gmem|       pointer|
|m_axi_gmem_ARVALID     |  out|    1|          m_axi|          gmem|       pointer|
|m_axi_gmem_ARREADY     |   in|    1|          m_axi|          gmem|       pointer|
|m_axi_gmem_ARADDR      |  out|   64|          m_axi|          gmem|       pointer|
|m_axi_gmem_ARID        |  out|    1|          m_axi|          gmem|       pointer|
|m_axi_gmem_ARLEN       |  out|    8|          m_axi|          gmem|       pointer|
|m_axi_gmem_ARSIZE      |  out|    3|          m_axi|          gmem|       pointer|
|m_axi_gmem_ARBURST     |  out|    2|          m_axi|          gmem|       pointer|
|m_axi_gmem_ARLOCK      |  out|    2|          m_axi|          gmem|       pointer|
|m_axi_gmem_ARCACHE     |  out|    4|          m_axi|          gmem|       pointer|
|m_axi_gmem_ARPROT      |  out|    3|          m_axi|          gmem|       pointer|
|m_axi_gmem_ARQOS       |  out|    4|          m_axi|          gmem|       pointer|
|m_axi_gmem_ARREGION    |  out|    4|          m_axi|          gmem|       pointer|
|m_axi_gmem_ARUSER      |  out|    1|          m_axi|          gmem|       pointer|
|m_axi_gmem_RVALID      |   in|    1|          m_axi|          gmem|       pointer|
|m_axi_gmem_RREADY      |  out|    1|          m_axi|          gmem|       pointer|
|m_axi_gmem_RDATA       |   in|   32|          m_axi|          gmem|       pointer|
|m_axi_gmem_RLAST       |   in|    1|          m_axi|          gmem|       pointer|
|m_axi_gmem_RID         |   in|    1|          m_axi|          gmem|       pointer|
|m_axi_gmem_RUSER       |   in|    1|          m_axi|          gmem|       pointer|
|m_axi_gmem_RRESP       |   in|    2|          m_axi|          gmem|       pointer|
|m_axi_gmem_BVALID      |   in|    1|          m_axi|          gmem|       pointer|
|m_axi_gmem_BREADY      |  out|    1|          m_axi|          gmem|       pointer|
|m_axi_gmem_BRESP       |   in|    2|          m_axi|          gmem|       pointer|
|m_axi_gmem_BID         |   in|    1|          m_axi|          gmem|       pointer|
|m_axi_gmem_BUSER       |   in|    1|          m_axi|          gmem|       pointer|
+-----------------------+-----+-----+---------------+--------------+--------------+

